// Jest Snapshot v1, https://goo.gl/fbAQLP

exports[`postinstall writes the correct node_modules files 1`] = `
⎯⎯⎯⎯⎯⎯⎯⎯⎯⎯⎯⎯⎯⎯ node_modules/.keystone/types.ts ⎯⎯⎯⎯⎯⎯⎯⎯⎯⎯⎯⎯⎯⎯
/* eslint-disable */

export type TodoWhereUniqueInput = {
  readonly id?: string | null
}

export type TodoWhereInput = {
  readonly AND?: ReadonlyArray<TodoWhereInput> | TodoWhereInput | null
  readonly OR?: ReadonlyArray<TodoWhereInput> | TodoWhereInput | null
  readonly NOT?: ReadonlyArray<TodoWhereInput> | TodoWhereInput | null
  readonly id?: IDFilter | null
  readonly title?: StringFilter | null
}

export type IDFilter = {
  readonly equals?: string | null
  readonly in?: ReadonlyArray<string> | string | null
  readonly notIn?: ReadonlyArray<string> | string | null
  readonly lt?: string | null
  readonly lte?: string | null
  readonly gt?: string | null
  readonly gte?: string | null
  readonly not?: IDFilter | null
}

export type StringFilter = {
  readonly equals?: string | null
  readonly in?: ReadonlyArray<string> | string | null
  readonly notIn?: ReadonlyArray<string> | string | null
  readonly lt?: string | null
  readonly lte?: string | null
  readonly gt?: string | null
  readonly gte?: string | null
  readonly contains?: string | null
  readonly startsWith?: string | null
  readonly endsWith?: string | null
  readonly not?: NestedStringFilter | null
}

export type NestedStringFilter = {
  readonly equals?: string | null
  readonly in?: ReadonlyArray<string> | string | null
  readonly notIn?: ReadonlyArray<string> | string | null
  readonly lt?: string | null
  readonly lte?: string | null
  readonly gt?: string | null
  readonly gte?: string | null
  readonly contains?: string | null
  readonly startsWith?: string | null
  readonly endsWith?: string | null
  readonly not?: NestedStringFilter | null
}

export type TodoOrderByInput = {
  readonly id?: OrderDirection | null
  readonly title?: OrderDirection | null
}

export type OrderDirection =
  | 'asc'
  | 'desc'

export type TodoUpdateInput = {
  readonly title?: string | null
}

export type TodoUpdateArgs = {
  readonly where: TodoWhereUniqueInput
  readonly data: TodoUpdateInput
}

export type TodoCreateInput = {
  readonly title?: string | null
}

export type KeystoneAdminUIFieldMetaIsNonNull =
  | 'read'
  | 'create'
  | 'update'

export type KeystoneAdminUIFieldMetaCreateViewFieldMode =
  | 'edit'
  | 'hidden'

export type KeystoneAdminUIFieldMetaListViewFieldMode =
  | 'read'
  | 'hidden'

export type KeystoneAdminUIFieldMetaItemViewFieldMode =
  | 'edit'
  | 'read'
  | 'hidden'

export type KeystoneAdminUIFieldMetaItemViewFieldPosition =
  | 'form'
  | 'sidebar'

export type QueryMode =
  | 'default'
  | 'insensitive'

export type KeystoneAdminUISortDirection =
  | 'ASC'
  | 'DESC'

type ResolvedTodoCreateInput = {
  id?: import('@prisma/client').Prisma.TodoCreateInput['id']
  title?: import('@prisma/client').Prisma.TodoCreateInput['title']
}
type ResolvedTodoUpdateInput = {
  id?: undefined
  title?: import('@prisma/client').Prisma.TodoUpdateInput['title']
}

export declare namespace Lists {
  export type Todo<Session = any> = import('@keystone-6/core').ListConfig<Lists.Todo.TypeInfo<Session>>
  namespace Todo {
    export type Item = import('@prisma/client').Todo
    export type TypeInfo<Session = any> = {
      key: 'Todo'
      isSingleton: false
      fields: 'id' | 'title'
      item: Item
      inputs: {
        where: TodoWhereInput
        uniqueWhere: TodoWhereUniqueInput
        create: TodoCreateInput
        update: TodoUpdateInput
        orderBy: TodoOrderByInput
      }
      prisma: {
        create: ResolvedTodoCreateInput
        update: ResolvedTodoUpdateInput
      }
      all: __TypeInfo<Session>
    }
  }
}
export type Context<Session = any> = import('@keystone-6/core/types').KeystoneContext<TypeInfo<Session>>
export type Config<Session = any> = import('@keystone-6/core/types').KeystoneConfig<TypeInfo<Session>>

export type TypeInfo<Session = any> = {
  lists: {
    readonly Todo: Lists.Todo.TypeInfo<Session>
  }
  prisma: import('@prisma/client').PrismaClient
  session: Session
}

type __TypeInfo<Session = any> = TypeInfo<Session>

export type Lists<Session = any> = {
  [Key in keyof TypeInfo['lists']]?: import('@keystone-6/core').ListConfig<TypeInfo<Session>['lists'][Key]>
} & Record<string, import('@keystone-6/core').ListConfig<any>>

export {}

`;
