// Jest Snapshot v1, https://goo.gl/fbAQLP

exports[`BigInt - default - isIndexed: 'unique' uniqueness is enforced over multiple mutations 1`] = `
[
  [GraphQLError: Prisma error: Unique constraint failed on the fields: (\`testField\`)],
]
`;

exports[`BigInt - default - isIndexed: 'unique' uniqueness is enforced over single mutation 1`] = `
[
  [GraphQLError: Prisma error: Unique constraint failed on the fields: (\`testField\`)],
]
`;

exports[`BigInt with isNullable: false - default - isIndexed: 'unique' uniqueness is enforced over multiple mutations 1`] = `
[
  [GraphQLError: Prisma error: Unique constraint failed on the fields: (\`testField\`)],
]
`;

exports[`BigInt with isNullable: false - default - isIndexed: 'unique' uniqueness is enforced over single mutation 1`] = `
[
  [GraphQLError: Prisma error: Unique constraint failed on the fields: (\`testField\`)],
]
`;

exports[`Float - default - isIndexed: 'unique' uniqueness is enforced over multiple mutations 1`] = `
[
  [GraphQLError: Prisma error: Unique constraint failed on the fields: (\`testField\`)],
]
`;

exports[`Float - default - isIndexed: 'unique' uniqueness is enforced over single mutation 1`] = `
[
  [GraphQLError: Prisma error: Unique constraint failed on the fields: (\`testField\`)],
]
`;

exports[`Float with isNullable: false - default - isIndexed: 'unique' uniqueness is enforced over multiple mutations 1`] = `
[
  [GraphQLError: Prisma error: Unique constraint failed on the fields: (\`testField\`)],
]
`;

exports[`Float with isNullable: false - default - isIndexed: 'unique' uniqueness is enforced over single mutation 1`] = `
[
  [GraphQLError: Prisma error: Unique constraint failed on the fields: (\`testField\`)],
]
`;

exports[`Integer - default - isIndexed: 'unique' uniqueness is enforced over multiple mutations 1`] = `
[
  [GraphQLError: Prisma error: Unique constraint failed on the fields: (\`testField\`)],
]
`;

exports[`Integer - default - isIndexed: 'unique' uniqueness is enforced over single mutation 1`] = `
[
  [GraphQLError: Prisma error: Unique constraint failed on the fields: (\`testField\`)],
]
`;

exports[`Integer with isNullable: false - default - isIndexed: 'unique' uniqueness is enforced over multiple mutations 1`] = `
[
  [GraphQLError: Prisma error: Unique constraint failed on the fields: (\`testField\`)],
]
`;

exports[`Integer with isNullable: false - default - isIndexed: 'unique' uniqueness is enforced over single mutation 1`] = `
[
  [GraphQLError: Prisma error: Unique constraint failed on the fields: (\`testField\`)],
]
`;

exports[`Select - enum - isIndexed: 'unique' uniqueness is enforced over multiple mutations 1`] = `
[
  [GraphQLError: Prisma error: Unique constraint failed on the fields: (\`testField\`)],
]
`;

exports[`Select - enum - isIndexed: 'unique' uniqueness is enforced over single mutation 1`] = `
[
  [GraphQLError: Prisma error: Unique constraint failed on the fields: (\`testField\`)],
]
`;

exports[`Select - integer - isIndexed: 'unique' uniqueness is enforced over multiple mutations 1`] = `
[
  [GraphQLError: Prisma error: Unique constraint failed on the fields: (\`testField\`)],
]
`;

exports[`Select - integer - isIndexed: 'unique' uniqueness is enforced over single mutation 1`] = `
[
  [GraphQLError: Prisma error: Unique constraint failed on the fields: (\`testField\`)],
]
`;

exports[`Select - string - isIndexed: 'unique' uniqueness is enforced over multiple mutations 1`] = `
[
  [GraphQLError: Prisma error: Unique constraint failed on the fields: (\`testField\`)],
]
`;

exports[`Select - string - isIndexed: 'unique' uniqueness is enforced over single mutation 1`] = `
[
  [GraphQLError: Prisma error: Unique constraint failed on the fields: (\`testField\`)],
]
`;

exports[`Select with isNullable: false - enum - isIndexed: 'unique' uniqueness is enforced over multiple mutations 1`] = `
[
  [GraphQLError: Prisma error: Unique constraint failed on the fields: (\`testField\`)],
]
`;

exports[`Select with isNullable: false - enum - isIndexed: 'unique' uniqueness is enforced over single mutation 1`] = `
[
  [GraphQLError: Prisma error: Unique constraint failed on the fields: (\`testField\`)],
]
`;

exports[`Select with isNullable: false - integer - isIndexed: 'unique' uniqueness is enforced over multiple mutations 1`] = `
[
  [GraphQLError: Prisma error: Unique constraint failed on the fields: (\`testField\`)],
]
`;

exports[`Select with isNullable: false - integer - isIndexed: 'unique' uniqueness is enforced over single mutation 1`] = `
[
  [GraphQLError: Prisma error: Unique constraint failed on the fields: (\`testField\`)],
]
`;

exports[`Select with isNullable: false - string - isIndexed: 'unique' uniqueness is enforced over multiple mutations 1`] = `
[
  [GraphQLError: Prisma error: Unique constraint failed on the fields: (\`testField\`)],
]
`;

exports[`Select with isNullable: false - string - isIndexed: 'unique' uniqueness is enforced over single mutation 1`] = `
[
  [GraphQLError: Prisma error: Unique constraint failed on the fields: (\`testField\`)],
]
`;

exports[`Text - default - isIndexed: 'unique' uniqueness is enforced over multiple mutations 1`] = `
[
  [GraphQLError: Prisma error: Unique constraint failed on the fields: (\`testField\`)],
]
`;

exports[`Text - default - isIndexed: 'unique' uniqueness is enforced over single mutation 1`] = `
[
  [GraphQLError: Prisma error: Unique constraint failed on the fields: (\`testField\`)],
]
`;

exports[`Text with isNullable: true - default - isIndexed: 'unique' uniqueness is enforced over multiple mutations 1`] = `
[
  [GraphQLError: Prisma error: Unique constraint failed on the fields: (\`testField\`)],
]
`;

exports[`Text with isNullable: true - default - isIndexed: 'unique' uniqueness is enforced over single mutation 1`] = `
[
  [GraphQLError: Prisma error: Unique constraint failed on the fields: (\`testField\`)],
]
`;

exports[`Timestamp - default - isIndexed: 'unique' uniqueness is enforced over multiple mutations 1`] = `
[
  [GraphQLError: Prisma error: Unique constraint failed on the fields: (\`testField\`)],
]
`;

exports[`Timestamp - default - isIndexed: 'unique' uniqueness is enforced over single mutation 1`] = `
[
  [GraphQLError: Prisma error: Unique constraint failed on the fields: (\`testField\`)],
]
`;

exports[`Timestamp with isNullable: false - default - isIndexed: 'unique' uniqueness is enforced over multiple mutations 1`] = `
[
  [GraphQLError: Prisma error: Unique constraint failed on the fields: (\`testField\`)],
]
`;

exports[`Timestamp with isNullable: false - default - isIndexed: 'unique' uniqueness is enforced over single mutation 1`] = `
[
  [GraphQLError: Prisma error: Unique constraint failed on the fields: (\`testField\`)],
]
`;

exports[`calendarDay - default - isIndexed: 'unique' uniqueness is enforced over multiple mutations 1`] = `
[
  [GraphQLError: Prisma error: Unique constraint failed on the fields: (\`testField\`)],
]
`;

exports[`calendarDay - default - isIndexed: 'unique' uniqueness is enforced over single mutation 1`] = `
[
  [GraphQLError: Prisma error: Unique constraint failed on the fields: (\`testField\`)],
]
`;

exports[`calendarDay with isNullable: false - default - isIndexed: 'unique' uniqueness is enforced over multiple mutations 1`] = `
[
  [GraphQLError: Prisma error: Unique constraint failed on the fields: (\`testField\`)],
]
`;

exports[`calendarDay with isNullable: false - default - isIndexed: 'unique' uniqueness is enforced over single mutation 1`] = `
[
  [GraphQLError: Prisma error: Unique constraint failed on the fields: (\`testField\`)],
]
`;
